00:00 +0: loading D:/developer/flutter/smartnews/smartnews/test/features/auth/data/repositories/auth_repository_test.dart
flutter : test/features/auth
/data/repositories/auth_repo
sitory_test.dart:15:55: 
Error: Type 
'IAuthLocalDataSource' not 
found.
At line:1 char:1
+ flutter test --reporter 
expanded test/features/auth/
data/repositories ...
+ ~~~~~~~~~~~~~~~~~~~~~~~~~~
~~~~~~~~~~~~~~~~~~~~~~~~~~~~
~~~~~~~~~~~~~~~
    + CategoryInfo          
    : NotSpecified: (test/  
  features/a...rce' not f   
 ound.:String) [], Remot    
eException
    + FullyQualifiedErrorId 
    : NativeCommandError
 
class 
MockAuthLocalDatasource 
extends Mock implements 
IAuthLocalDataSource {}
                            
                          
^^^^^^^^^^^^^^^^^^^^
test/features/auth/data/repo
sitories/auth_repository_tes
t.dart:17:56: Error: Type 
'IAuthRemoteDataSource' not 
found.
class 
MockAuthRemoteDatasource 
extends Mock implements 
IAuthRemoteDataSource {}
                            
                           
^^^^^^^^^^^^^^^^^^^^^
test/features/auth/data/repo
sitories/auth_repository_tes
t.dart:36:5: Error: No 
named parameter with the 
name 'token'.
    token: 'jwt_token_abc',
    ^^^^^
lib/features/auth/data/model
s/auth_api_model.dart:10:3: 
Context: Found this 
candidate, but the 
arguments don't match.
  AuthApiModel({
  ^^^^^^^^^^^^
test/features/auth/data/repo
sitories/auth_repository_tes
t.dart:61:23: Error: The 
argument type 
'MockAuthLocalDatasource' 
can't be assigned to the 
parameter type 
'IAuthLocalDataSource'.
 - 
'MockAuthLocalDatasource' 
is from 'test/features/auth/
data/repositories/auth_repos
itory_test.dart'.
 - 'IAuthLocalDataSource' 
is from 'package:smartnews/f
eatures/auth/data/datasource
s/auth_datasource.dart' ('li
b/features/auth/data/datasou
rces/auth_datasource.dart').
      authDatasource: 
mockLocal,
                      ^
test/features/auth/data/repo
sitories/auth_repository_tes
t.dart:62:29: Error: The 
argument type 
'MockAuthRemoteDatasource' 
can't be assigned to the 
parameter type 
'IAuthRemoteDataSource'.
 - 
'MockAuthRemoteDatasource' 
is from 'test/features/auth/
data/repositories/auth_repos
itory_test.dart'.
 - 'IAuthRemoteDataSource' 
is from 'package:smartnews/f
eatures/auth/data/datasource
s/auth_datasource.dart' ('li
b/features/auth/data/datasou
rces/auth_datasource.dart').
      authRemoteDataSource: 
mockRemote,
                            
^
test/features/auth/data/repo
sitories/auth_repository_tes
t.dart:72:26: Error: The 
method 'login' isn't 
defined for the type 
'MockAuthRemoteDatasource'.
 - 
'MockAuthRemoteDatasource' 
is from 'test/features/auth/
data/repositories/auth_repos
itory_test.dart'.
Try correcting the name to 
the name of an existing 
method, or defining a 
method named 'login'.
        () => 
mockRemote.login(tEmail, 
tPassword),
                         
^^^^^
test/features/auth/data/repo
sitories/auth_repository_tes
t.dart:78:31: Error: The 
method 'login' isn't 
defined for the type 
'MockAuthRemoteDatasource'.
 - 
'MockAuthRemoteDatasource' 
is from 'test/features/auth/
data/repositories/auth_repos
itory_test.dart'.
Try correcting the name to 
the name of an existing 
method, or defining a 
method named 'login'.
      verify(() => 
mockRemote.login(tEmail, 
tPassword)).called(1);
                            
  ^^^^^
test/features/auth/data/repo
sitories/auth_repository_tes
t.dart:86:28: Error: The 
method 'login' isn't 
defined for the type 
'MockAuthRemoteDatasource'.
 - 
'MockAuthRemoteDatasource' 
is from 'test/features/auth/
data/repositories/auth_repos
itory_test.dart'.
Try correcting the name to 
the name of an existing 
method, or defining a 
method named 'login'.
          () => 
mockRemote.login(tEmail, 
tPassword),
                           
^^^^^
test/features/auth/data/repo
sitories/auth_repository_tes
t.dart:98:25: Error: The 
method 'login' isn't 
defined for the type 
'MockAuthLocalDatasource'.
 - 
'MockAuthLocalDatasource' 
is from 'test/features/auth/
data/repositories/auth_repos
itory_test.dart'.
Try correcting the name to 
the name of an existing 
method, or defining a 
method named 'login'.
        () => 
mockLocal.login(tEmail, 
tPassword),
                        
^^^^^
test/features/auth/data/repo
sitories/auth_repository_tes
t.dart:104:30: Error: The 
method 'login' isn't 
defined for the type 
'MockAuthLocalDatasource'.
 - 
'MockAuthLocalDatasource' 
is from 'test/features/auth/
data/repositories/auth_repos
itory_test.dart'.
Try correcting the name to 
the name of an existing 
method, or defining a 
method named 'login'.
      verify(() => 
mockLocal.login(tEmail, 
tPassword)).called(1);
                            
 ^^^^^
test/features/auth/data/repo
sitories/auth_repository_tes
t.dart:105:36: Error: The 
method 'login' isn't 
defined for the type 
'MockAuthRemoteDatasource'.
 - 
'MockAuthRemoteDatasource' 
is from 'test/features/auth/
data/repositories/auth_repos
itory_test.dart'.
Try correcting the name to 
the name of an existing 
method, or defining a 
method named 'login'.
      verifyNever(() => 
mockRemote.login(any(), 
any()));
                            
       ^^^^^
test/features/auth/data/repo
sitories/auth_repository_tes
t.dart:113:27: Error: The 
method 'login' isn't 
defined for the type 
'MockAuthLocalDatasource'.
 - 
'MockAuthLocalDatasource' 
is from 'test/features/auth/
data/repositories/auth_repos
itory_test.dart'.
Try correcting the name to 
the name of an existing 
method, or defining a 
method named 'login'.
          () => 
mockLocal.login(tEmail, 
tPassword),
                          
^^^^^
test/features/auth/data/repo
sitories/auth_repository_tes
t.dart:128:29: Error: The 
method 'register' isn't 
defined for the type 
'MockAuthRemoteDatasource'.
 - 
'MockAuthRemoteDatasource' 
is from 'test/features/auth/
data/repositories/auth_repos
itory_test.dart'.
Try correcting the name to 
the name of an existing 
method, or defining a 
method named 'register'.
      when(() => mockRemote.
register(any())).thenAnswer(
(_) async => tApiModel);
                            
^^^^^^^^
test/features/auth/data/repo
sitories/auth_repository_tes
t.dart:140:27: Error: The 
method 'getUserByEmail' 
isn't defined for the type 
'MockAuthLocalDatasource'.
 - 
'MockAuthLocalDatasource' 
is from 'test/features/auth/
data/repositories/auth_repos
itory_test.dart'.
Try correcting the name to 
the name of an existing 
method, or defining a 
method named 
'getUserByEmail'.
          () => mockLocal.ge
tUserByEmail(tEmail),
                          
^^^^^^^^^^^^^^
test/features/auth/data/repo
sitories/auth_repository_tes
t.dart:155:28: Error: The 
method 'logout' isn't 
defined for the type 
'MockAuthLocalDatasource'.
 - 
'MockAuthLocalDatasource' 
is from 'test/features/auth/
data/repositories/auth_repos
itory_test.dart'.
Try correcting the name to 
the name of an existing 
method, or defining a 
method named 'logout'.
      when(() => mockLocal.l
ogout()).thenAnswer((_) 
async => true);
                           
^^^^^^
test/features/auth/data/repo
sitories/auth_repository_tes
t.dart:160:30: Error: The 
method 'logout' isn't 
defined for the type 
'MockAuthLocalDatasource'.
 - 
'MockAuthLocalDatasource' 
is from 'test/features/auth/
data/repositories/auth_repos
itory_test.dart'.
Try correcting the name to 
the name of an existing 
method, or defining a 
method named 'logout'.
      verify(() => mockLocal
.logout()).called(1);
                            
 ^^^^^^
test/features/auth/data/repo
sitories/auth_repository_tes
t.dart:164:28: Error: The 
method 'logout' isn't 
defined for the type 
'MockAuthLocalDatasource'.
 - 
'MockAuthLocalDatasource' 
is from 'test/features/auth/
data/repositories/auth_repos
itory_test.dart'.
Try correcting the name to 
the name of an existing 
method, or defining a 
method named 'logout'.
      when(() => mockLocal.l
ogout()).thenThrow(Exception
('Storage error'));
                           
^^^^^^
test/features/auth/data/repo
sitories/auth_repository_tes
t.dart:178:27: Error: The 
method 'getCurrentUser' 
isn't defined for the type 
'MockAuthLocalDatasource'.
 - 
'MockAuthLocalDatasource' 
is from 'test/features/auth/
data/repositories/auth_repos
itory_test.dart'.
Try correcting the name to 
the name of an existing 
method, or defining a 
method named 
'getCurrentUser'.
          () => 
mockLocal.getCurrentUser(),
                          
^^^^^^^^^^^^^^
test/features/auth/data/repo
sitories/auth_repository_tes
t.dart:190:30: Error: The 
method 'getCurrentUser' 
isn't defined for the type 
'MockAuthLocalDatasource'.
 - 
'MockAuthLocalDatasource' 
is from 'test/features/auth/
data/repositories/auth_repos
itory_test.dart'.
Try correcting the name to 
the name of an existing 
method, or defining a 
method named 
'getCurrentUser'.
        when(() => mockLocal
.getCurrentUser()).thenAnswe
r((_) async => null);
                            
 ^^^^^^^^^^^^^^
00:00 +0 -1: loading D:/developer/flutter/smartnews/smartnews/test/features/auth/data/repositories/auth_repository_test.dart [E]
  Failed to load "D:/developer/flutter/smartnews/smartnews/test/features/auth/data/repositories/auth_repository_test.dart":
  Compilation failed for testPath=D:/developer/flutter/smartnews/smartnews/test/features/auth/data/repositories/auth_repository_test.dart: test/features/auth/data/repositories/auth_repository_test.dart:15:55: Error: Type 'IAuthLocalDataSource' not found.
  class MockAuthLocalDatasource extends Mock implements IAuthLocalDataSource {}
                                                        ^^^^^^^^^^^^^^^^^^^^
  test/features/auth/data/repositories/auth_repository_test.dart:17:56: Error: Type 'IAuthRemoteDataSource' not found.
  class MockAuthRemoteDatasource extends Mock implements IAuthRemoteDataSource {}
                                                         ^^^^^^^^^^^^^^^^^^^^^
  test/features/auth/data/repositories/auth_repository_test.dart:36:5: Error: No named parameter with the name 'token'.
      token: 'jwt_token_abc',
      ^^^^^
  lib/features/auth/data/models/auth_api_model.dart:10:3: Context: Found this candidate, but the arguments don't match.
    AuthApiModel({
    ^^^^^^^^^^^^
  test/features/auth/data/repositories/auth_repository_test.dart:61:23: Error: The argument type 'MockAuthLocalDatasource' can't be assigned to the parameter type 'IAuthLocalDataSource'.
   - 'MockAuthLocalDatasource' is from 'test/features/auth/data/repositories/auth_repository_test.dart'.
   - 'IAuthLocalDataSource' is from 'package:smartnews/features/auth/data/datasources/auth_datasource.dart' ('lib/features/auth/data/datasources/auth_datasource.dart').
        authDatasource: mockLocal,
                        ^
  test/features/auth/data/repositories/auth_repository_test.dart:62:29: Error: The argument type 'MockAuthRemoteDatasource' can't be assigned to the parameter type 'IAuthRemoteDataSource'.
   - 'MockAuthRemoteDatasource' is from 'test/features/auth/data/repositories/auth_repository_test.dart'.
   - 'IAuthRemoteDataSource' is from 'package:smartnews/features/auth/data/datasources/auth_datasource.dart' ('lib/features/auth/data/datasources/auth_datasource.dart').
        authRemoteDataSource: mockRemote,
                              ^
  test/features/auth/data/repositories/auth_repository_test.dart:72:26: Error: The method 'login' isn't defined for the type 'MockAuthRemoteDatasource'.
   - 'MockAuthRemoteDatasource' is from 'test/features/auth/data/repositories/auth_repository_test.dart'.
  Try correcting the name to the name of an existing method, or defining a method named 'login'.
          () => mockRemote.login(tEmail, tPassword),
                           ^^^^^
  test/features/auth/data/repositories/auth_repository_test.dart:78:31: Error: The method 'login' isn't defined for the type 'MockAuthRemoteDatasource'.
   - 'MockAuthRemoteDatasource' is from 'test/features/auth/data/repositories/auth_repository_test.dart'.
  Try correcting the name to the name of an existing method, or defining a method named 'login'.
        verify(() => mockRemote.login(tEmail, tPassword)).called(1);
                                ^^^^^
  test/features/auth/data/repositories/auth_repository_test.dart:86:28: Error: The method 'login' isn't defined for the type 'MockAuthRemoteDatasource'.
   - 'MockAuthRemoteDatasource' is from 'test/features/auth/data/repositories/auth_repository_test.dart'.
  Try correcting the name to the name of an existing method, or defining a method named 'login'.
            () => mockRemote.login(tEmail, tPassword),
                             ^^^^^
  test/features/auth/data/repositories/auth_repository_test.dart:98:25: Error: The method 'login' isn't defined for the type 'MockAuthLocalDatasource'.
   - 'MockAuthLocalDatasource' is from 'test/features/auth/data/repositories/auth_repository_test.dart'.
  Try correcting the name to the name of an existing method, or defining a method named 'login'.
          () => mockLocal.login(tEmail, tPassword),
                          ^^^^^
  test/features/auth/data/repositories/auth_repository_test.dart:104:30: Error: The method 'login' isn't defined for the type 'MockAuthLocalDatasource'.
   - 'MockAuthLocalDatasource' is from 'test/features/auth/data/repositories/auth_repository_test.dart'.
  Try correcting the name to the name of an existing method, or defining a method named 'login'.
        verify(() => mockLocal.login(tEmail, tPassword)).called(1);
                               ^^^^^
  test/features/auth/data/repositories/auth_repository_test.dart:105:36: Error: The method 'login' isn't defined for the type 'MockAuthRemoteDatasource'.
   - 'MockAuthRemoteDatasource' is from 'test/features/auth/data/repositories/auth_repository_test.dart'.
  Try correcting the name to the name of an existing method, or defining a method named 'login'.
        verifyNever(() => mockRemote.login(any(), any()));
                                     ^^^^^
  test/features/auth/data/repositories/auth_repository_test.dart:113:27: Error: The method 'login' isn't defined for the type 'MockAuthLocalDatasource'.
   - 'MockAuthLocalDatasource' is from 'test/features/auth/data/repositories/auth_repository_test.dart'.
  Try correcting the name to the name of an existing method, or defining a method named 'login'.
            () => mockLocal.login(tEmail, tPassword),
                            ^^^^^
  test/features/auth/data/repositories/auth_repository_test.dart:128:29: Error: The method 'register' isn't defined for the type 'MockAuthRemoteDatasource'.
   - 'MockAuthRemoteDatasource' is from 'test/features/auth/data/repositories/auth_repository_test.dart'.
  Try correcting the name to the name of an existing method, or defining a method named 'register'.
        when(() => mockRemote.register(any())).thenAnswer((_) async => tApiModel);
                              ^^^^^^^^
  test/features/auth/data/repositories/auth_repository_test.dart:140:27: Error: The method 'getUserByEmail' isn't defined for the type 'MockAuthLocalDatasource'.
   - 'MockAuthLocalDatasource' is from 'test/features/auth/data/repositories/auth_repository_test.dart'.
  Try correcting the name to the name of an existing method, or defining a method named 'getUserByEmail'.
            () => mockLocal.getUserByEmail(tEmail),
                            ^^^^^^^^^^^^^^
  test/features/auth/data/repositories/auth_repository_test.dart:155:28: Error: The method 'logout' isn't defined for the type 'MockAuthLocalDatasource'.
   - 'MockAuthLocalDatasource' is from 'test/features/auth/data/repositories/auth_repository_test.dart'.
  Try correcting the name to the name of an existing method, or defining a method named 'logout'.
        when(() => mockLocal.logout()).thenAnswer((_) async => true);
                             ^^^^^^
  test/features/auth/data/repositories/auth_repository_test.dart:160:30: Error: The method 'logout' isn't defined for the type 'MockAuthLocalDatasource'.
   - 'MockAuthLocalDatasource' is from 'test/features/auth/data/repositories/auth_repository_test.dart'.
  Try correcting the name to the name of an existing method, or defining a method named 'logout'.
        verify(() => mockLocal.logout()).called(1);
                               ^^^^^^
  test/features/auth/data/repositories/auth_repository_test.dart:164:28: Error: The method 'logout' isn't defined for the type 'MockAuthLocalDatasource'.
   - 'MockAuthLocalDatasource' is from 'test/features/auth/data/repositories/auth_repository_test.dart'.
  Try correcting the name to the name of an existing method, or defining a method named 'logout'.
        when(() => mockLocal.logout()).thenThrow(Exception('Storage error'));
                             ^^^^^^
  test/features/auth/data/repositories/auth_repository_test.dart:178:27: Error: The method 'getCurrentUser' isn't defined for the type 'MockAuthLocalDatasource'.
   - 'MockAuthLocalDatasource' is from 'test/features/auth/data/repositories/auth_repository_test.dart'.
  Try correcting the name to the name of an existing method, or defining a method named 'getCurrentUser'.
            () => mockLocal.getCurrentUser(),
                            ^^^^^^^^^^^^^^
  test/features/auth/data/repositories/auth_repository_test.dart:190:30: Error: The method 'getCurrentUser' isn't defined for the type 'MockAuthLocalDatasource'.
   - 'MockAuthLocalDatasource' is from 'test/features/auth/data/repositories/auth_repository_test.dart'.
  Try correcting the name to the name of an existing method, or defining a method named 'getCurrentUser'.
          when(() => mockLocal.getCurrentUser()).thenAnswer((_) async => null);
                               ^^^^^^^^^^^^^^
  .
00:00 +0 -1: Some tests failed.
